{
  "Id": 1,
  "FirstName": "John",
  "LastName": "Doe",
  "Class": 10,
  "Country": "Ireland"
}
